MPLINK 5.09, LINKER
Linker Map File - Created Tue Nov 19 15:00:13 2019

                                 Section Info
                  Section       Type    Address   Location Size(Bytes)
                ---------  ---------  ---------  ---------  ---------
                   .org_0       code   0x000000    program   0x000002
                   .cinit    romdata   0x000001    program   0x000004
                   .org_1       code   0x000004    program   0x000168
.config_2007_BUILD/DEFAULT/PRODUCTION/OBLIGAT       code   0x002007    program   0x000002
.config_2008_BUILD/DEFAULT/PRODUCTION/OBLIGAT       code   0x002008    program   0x000002



                              Program Memory Usage 
                               Start         End      
                           ---------   ---------      
                            0x000000    0x000002      
                            0x000004    0x0000b7      
                            0x002007    0x002008      
            185 out of 8455 program addresses used, program memory utilization is 2%



                              Symbols - Sorted by Name
                     Name    Address   Location    Storage File                     
                ---------  ---------  ---------  --------- ---------                
             _.org_1_0028   0x000028    program     static C:\Users\bruno.masoller\MPLABXProjects\Obligatorio.X\Obligatorio_Full.asm
             _.org_1_0066   0x000066    program     static C:\Users\bruno.masoller\MPLABXProjects\Obligatorio.X\Obligatorio_Full.asm
             _.org_1_0084   0x000084    program     static C:\Users\bruno.masoller\MPLABXProjects\Obligatorio.X\Obligatorio_Full.asm
             _.org_1_0094   0x000094    program     static C:\Users\bruno.masoller\MPLABXProjects\Obligatorio.X\Obligatorio_Full.asm
             _.org_1_00A7   0x0000a7    program     static C:\Users\bruno.masoller\MPLABXProjects\Obligatorio.X\Obligatorio_Full.asm
          cargar_contexto   0x0000b3    program     static C:\Users\bruno.masoller\MPLABXProjects\Obligatorio.X\Obligatorio_Full.asm
    configuracion_inicial   0x000013    program     static C:\Users\bruno.masoller\MPLABXProjects\Obligatorio.X\Obligatorio_Full.asm
         guardar_contexto   0x0000af    program     static C:\Users\bruno.masoller\MPLABXProjects\Obligatorio.X\Obligatorio_Full.asm
          guardar_memoria   0x00007e    program     static C:\Users\bruno.masoller\MPLABXProjects\Obligatorio.X\Obligatorio_Full.asm
guardar_memoria_VALOR_CONTADOR   0x00004c    program     static C:\Users\bruno.masoller\MPLABXProjects\Obligatorio.X\Obligatorio_Full.asm
       inicializar_eeprom   0x000039    program     static C:\Users\bruno.masoller\MPLABXProjects\Obligatorio.X\Obligatorio_Full.asm
                interrupt   0x000008    program     static C:\Users\bruno.masoller\MPLABXProjects\Obligatorio.X\Obligatorio_Full.asm
         interrupt_eeprom   0x000099    program     static C:\Users\bruno.masoller\MPLABXProjects\Obligatorio.X\Obligatorio_Full.asm
           interrupt_tmr1   0x000091    program     static C:\Users\bruno.masoller\MPLABXProjects\Obligatorio.X\Obligatorio_Full.asm
             leer_memoria   0x000073    program     static C:\Users\bruno.masoller\MPLABXProjects\Obligatorio.X\Obligatorio_Full.asm
                     main   0x000005    program     static C:\Users\bruno.masoller\MPLABXProjects\Obligatorio.X\Obligatorio_Full.asm
                 mainloop   0x000006    program     static C:\Users\bruno.masoller\MPLABXProjects\Obligatorio.X\Obligatorio_Full.asm
obtener_siguiente_puntero   0x00005b    program     static C:\Users\bruno.masoller\MPLABXProjects\Obligatorio.X\Obligatorio_Full.asm
     re_iniciar_contador1   0x00008c    program     static C:\Users\bruno.masoller\MPLABXProjects\Obligatorio.X\Obligatorio_Full.asm
        re_iniciar_timer1   0x00009d    program     static C:\Users\bruno.masoller\MPLABXProjects\Obligatorio.X\Obligatorio_Full.asm
      realizar_conversion   0x0000a5    program     static C:\Users\bruno.masoller\MPLABXProjects\Obligatorio.X\Obligatorio_Full.asm



                              Symbols - Sorted by Address
                     Name    Address   Location    Storage File                     
                ---------  ---------  ---------  --------- ---------                
                     main   0x000005    program     static C:\Users\bruno.masoller\MPLABXProjects\Obligatorio.X\Obligatorio_Full.asm
                 mainloop   0x000006    program     static C:\Users\bruno.masoller\MPLABXProjects\Obligatorio.X\Obligatorio_Full.asm
                interrupt   0x000008    program     static C:\Users\bruno.masoller\MPLABXProjects\Obligatorio.X\Obligatorio_Full.asm
    configuracion_inicial   0x000013    program     static C:\Users\bruno.masoller\MPLABXProjects\Obligatorio.X\Obligatorio_Full.asm
             _.org_1_0028   0x000028    program     static C:\Users\bruno.masoller\MPLABXProjects\Obligatorio.X\Obligatorio_Full.asm
       inicializar_eeprom   0x000039    program     static C:\Users\bruno.masoller\MPLABXProjects\Obligatorio.X\Obligatorio_Full.asm
guardar_memoria_VALOR_CONTADOR   0x00004c    program     static C:\Users\bruno.masoller\MPLABXProjects\Obligatorio.X\Obligatorio_Full.asm
obtener_siguiente_puntero   0x00005b    program     static C:\Users\bruno.masoller\MPLABXProjects\Obligatorio.X\Obligatorio_Full.asm
             _.org_1_0066   0x000066    program     static C:\Users\bruno.masoller\MPLABXProjects\Obligatorio.X\Obligatorio_Full.asm
             leer_memoria   0x000073    program     static C:\Users\bruno.masoller\MPLABXProjects\Obligatorio.X\Obligatorio_Full.asm
          guardar_memoria   0x00007e    program     static C:\Users\bruno.masoller\MPLABXProjects\Obligatorio.X\Obligatorio_Full.asm
             _.org_1_0084   0x000084    program     static C:\Users\bruno.masoller\MPLABXProjects\Obligatorio.X\Obligatorio_Full.asm
     re_iniciar_contador1   0x00008c    program     static C:\Users\bruno.masoller\MPLABXProjects\Obligatorio.X\Obligatorio_Full.asm
           interrupt_tmr1   0x000091    program     static C:\Users\bruno.masoller\MPLABXProjects\Obligatorio.X\Obligatorio_Full.asm
             _.org_1_0094   0x000094    program     static C:\Users\bruno.masoller\MPLABXProjects\Obligatorio.X\Obligatorio_Full.asm
         interrupt_eeprom   0x000099    program     static C:\Users\bruno.masoller\MPLABXProjects\Obligatorio.X\Obligatorio_Full.asm
        re_iniciar_timer1   0x00009d    program     static C:\Users\bruno.masoller\MPLABXProjects\Obligatorio.X\Obligatorio_Full.asm
      realizar_conversion   0x0000a5    program     static C:\Users\bruno.masoller\MPLABXProjects\Obligatorio.X\Obligatorio_Full.asm
             _.org_1_00A7   0x0000a7    program     static C:\Users\bruno.masoller\MPLABXProjects\Obligatorio.X\Obligatorio_Full.asm
         guardar_contexto   0x0000af    program     static C:\Users\bruno.masoller\MPLABXProjects\Obligatorio.X\Obligatorio_Full.asm
          cargar_contexto   0x0000b3    program     static C:\Users\bruno.masoller\MPLABXProjects\Obligatorio.X\Obligatorio_Full.asm


