MPLINK 5.09, LINKER
Linker Map File - Created Tue Nov 19 16:09:12 2019

                                 Section Info
                  Section       Type    Address   Location Size(Bytes)
                ---------  ---------  ---------  ---------  ---------
                   .org_0       code   0x000000    program   0x000002
                   .cinit    romdata   0x000001    program   0x000004
                   .org_1       code   0x000004    program   0x000292
.config_2007_BUILD/DEFAULT/PRODUCTION/OBLIGAT       code   0x002007    program   0x000002
.config_2008_BUILD/DEFAULT/PRODUCTION/OBLIGAT       code   0x002008    program   0x000002



                              Program Memory Usage 
                               Start         End      
                           ---------   ---------      
                            0x000000    0x000002      
                            0x000004    0x00014c      
                            0x002007    0x002008      
            334 out of 8455 program addresses used, program memory utilization is 3%



                              Symbols - Sorted by Name
                     Name    Address   Location    Storage File                     
                ---------  ---------  ---------  --------- ---------                
          WhileLoopInicio   0x000071    program     static C:\Users\bruno.masoller\MPLABXProjects\Obligatorio.X\Obligatorio_Full.asm
             _.org_1_0044   0x000044    program     static C:\Users\bruno.masoller\MPLABXProjects\Obligatorio.X\Obligatorio_Full.asm
             _.org_1_0081   0x000081    program     static C:\Users\bruno.masoller\MPLABXProjects\Obligatorio.X\Obligatorio_Full.asm
             _.org_1_008B   0x00008b    program     static C:\Users\bruno.masoller\MPLABXProjects\Obligatorio.X\Obligatorio_Full.asm
             _.org_1_00AD   0x0000ad    program     static C:\Users\bruno.masoller\MPLABXProjects\Obligatorio.X\Obligatorio_Full.asm
             _.org_1_00F2   0x0000f2    program     static C:\Users\bruno.masoller\MPLABXProjects\Obligatorio.X\Obligatorio_Full.asm
             _.org_1_0110   0x000110    program     static C:\Users\bruno.masoller\MPLABXProjects\Obligatorio.X\Obligatorio_Full.asm
             _.org_1_0120   0x000120    program     static C:\Users\bruno.masoller\MPLABXProjects\Obligatorio.X\Obligatorio_Full.asm
             _.org_1_0133   0x000133    program     static C:\Users\bruno.masoller\MPLABXProjects\Obligatorio.X\Obligatorio_Full.asm
          cargar_contexto   0x000143    program     static C:\Users\bruno.masoller\MPLABXProjects\Obligatorio.X\Obligatorio_Full.asm
     cargar_contexto_case   0x000148    program     static C:\Users\bruno.masoller\MPLABXProjects\Obligatorio.X\Obligatorio_Full.asm
              case_letras   0x00005a    program     static C:\Users\bruno.masoller\MPLABXProjects\Obligatorio.X\Obligatorio_Full.asm
    configuracion_inicial   0x000017    program     static C:\Users\bruno.masoller\MPLABXProjects\Obligatorio.X\Obligatorio_Full.asm
  enviar_conversion_usart   0x00008f    program     static C:\Users\bruno.masoller\MPLABXProjects\Obligatorio.X\Obligatorio_Full.asm
                 enviar_w   0x0000aa    program     static C:\Users\bruno.masoller\MPLABXProjects\Obligatorio.X\Obligatorio_Full.asm
         guardar_contexto   0x00013b    program     static C:\Users\bruno.masoller\MPLABXProjects\Obligatorio.X\Obligatorio_Full.asm
    guardar_contexto_case   0x00013f    program     static C:\Users\bruno.masoller\MPLABXProjects\Obligatorio.X\Obligatorio_Full.asm
          guardar_memoria   0x00010a    program     static C:\Users\bruno.masoller\MPLABXProjects\Obligatorio.X\Obligatorio_Full.asm
guardar_memoria_VALOR_CONVERSION   0x0000d8    program     static C:\Users\bruno.masoller\MPLABXProjects\Obligatorio.X\Obligatorio_Full.asm
       inicializar_eeprom   0x0000c5    program     static C:\Users\bruno.masoller\MPLABXProjects\Obligatorio.X\Obligatorio_Full.asm
                interrupt   0x000008    program     static C:\Users\bruno.masoller\MPLABXProjects\Obligatorio.X\Obligatorio_Full.asm
         interrupt_eeprom   0x000125    program     static C:\Users\bruno.masoller\MPLABXProjects\Obligatorio.X\Obligatorio_Full.asm
           interrupt_tmr1   0x00011d    program     static C:\Users\bruno.masoller\MPLABXProjects\Obligatorio.X\Obligatorio_Full.asm
          interrupt_usart   0x000055    program     static C:\Users\bruno.masoller\MPLABXProjects\Obligatorio.X\Obligatorio_Full.asm
             leer_memoria   0x0000ff    program     static C:\Users\bruno.masoller\MPLABXProjects\Obligatorio.X\Obligatorio_Full.asm
                     main   0x000005    program     static C:\Users\bruno.masoller\MPLABXProjects\Obligatorio.X\Obligatorio_Full.asm
                 mainloop   0x000006    program     static C:\Users\bruno.masoller\MPLABXProjects\Obligatorio.X\Obligatorio_Full.asm
                   mapear   0x0000b2    program     static C:\Users\bruno.masoller\MPLABXProjects\Obligatorio.X\Obligatorio_Full.asm
            mapear_enviar   0x0000a7    program     static C:\Users\bruno.masoller\MPLABXProjects\Obligatorio.X\Obligatorio_Full.asm
obtener_siguiente_puntero   0x0000e7    program     static C:\Users\bruno.masoller\MPLABXProjects\Obligatorio.X\Obligatorio_Full.asm
     re_iniciar_contador1   0x000118    program     static C:\Users\bruno.masoller\MPLABXProjects\Obligatorio.X\Obligatorio_Full.asm
        re_iniciar_timer1   0x000129    program     static C:\Users\bruno.masoller\MPLABXProjects\Obligatorio.X\Obligatorio_Full.asm
      realizar_conversion   0x000131    program     static C:\Users\bruno.masoller\MPLABXProjects\Obligatorio.X\Obligatorio_Full.asm
           rutina_letra_A   0x000061    program     static C:\Users\bruno.masoller\MPLABXProjects\Obligatorio.X\Obligatorio_Full.asm
           rutina_letra_H   0x000068    program     static C:\Users\bruno.masoller\MPLABXProjects\Obligatorio.X\Obligatorio_Full.asm
                 sumar_30   0x0000bb    program     static C:\Users\bruno.masoller\MPLABXProjects\Obligatorio.X\Obligatorio_Full.asm
                 sumar_37   0x0000c0    program     static C:\Users\bruno.masoller\MPLABXProjects\Obligatorio.X\Obligatorio_Full.asm



                              Symbols - Sorted by Address
                     Name    Address   Location    Storage File                     
                ---------  ---------  ---------  --------- ---------                
                     main   0x000005    program     static C:\Users\bruno.masoller\MPLABXProjects\Obligatorio.X\Obligatorio_Full.asm
                 mainloop   0x000006    program     static C:\Users\bruno.masoller\MPLABXProjects\Obligatorio.X\Obligatorio_Full.asm
                interrupt   0x000008    program     static C:\Users\bruno.masoller\MPLABXProjects\Obligatorio.X\Obligatorio_Full.asm
    configuracion_inicial   0x000017    program     static C:\Users\bruno.masoller\MPLABXProjects\Obligatorio.X\Obligatorio_Full.asm
             _.org_1_0044   0x000044    program     static C:\Users\bruno.masoller\MPLABXProjects\Obligatorio.X\Obligatorio_Full.asm
          interrupt_usart   0x000055    program     static C:\Users\bruno.masoller\MPLABXProjects\Obligatorio.X\Obligatorio_Full.asm
              case_letras   0x00005a    program     static C:\Users\bruno.masoller\MPLABXProjects\Obligatorio.X\Obligatorio_Full.asm
           rutina_letra_A   0x000061    program     static C:\Users\bruno.masoller\MPLABXProjects\Obligatorio.X\Obligatorio_Full.asm
           rutina_letra_H   0x000068    program     static C:\Users\bruno.masoller\MPLABXProjects\Obligatorio.X\Obligatorio_Full.asm
          WhileLoopInicio   0x000071    program     static C:\Users\bruno.masoller\MPLABXProjects\Obligatorio.X\Obligatorio_Full.asm
             _.org_1_0081   0x000081    program     static C:\Users\bruno.masoller\MPLABXProjects\Obligatorio.X\Obligatorio_Full.asm
             _.org_1_008B   0x00008b    program     static C:\Users\bruno.masoller\MPLABXProjects\Obligatorio.X\Obligatorio_Full.asm
  enviar_conversion_usart   0x00008f    program     static C:\Users\bruno.masoller\MPLABXProjects\Obligatorio.X\Obligatorio_Full.asm
            mapear_enviar   0x0000a7    program     static C:\Users\bruno.masoller\MPLABXProjects\Obligatorio.X\Obligatorio_Full.asm
                 enviar_w   0x0000aa    program     static C:\Users\bruno.masoller\MPLABXProjects\Obligatorio.X\Obligatorio_Full.asm
             _.org_1_00AD   0x0000ad    program     static C:\Users\bruno.masoller\MPLABXProjects\Obligatorio.X\Obligatorio_Full.asm
                   mapear   0x0000b2    program     static C:\Users\bruno.masoller\MPLABXProjects\Obligatorio.X\Obligatorio_Full.asm
                 sumar_30   0x0000bb    program     static C:\Users\bruno.masoller\MPLABXProjects\Obligatorio.X\Obligatorio_Full.asm
                 sumar_37   0x0000c0    program     static C:\Users\bruno.masoller\MPLABXProjects\Obligatorio.X\Obligatorio_Full.asm
       inicializar_eeprom   0x0000c5    program     static C:\Users\bruno.masoller\MPLABXProjects\Obligatorio.X\Obligatorio_Full.asm
guardar_memoria_VALOR_CONVERSION   0x0000d8    program     static C:\Users\bruno.masoller\MPLABXProjects\Obligatorio.X\Obligatorio_Full.asm
obtener_siguiente_puntero   0x0000e7    program     static C:\Users\bruno.masoller\MPLABXProjects\Obligatorio.X\Obligatorio_Full.asm
             _.org_1_00F2   0x0000f2    program     static C:\Users\bruno.masoller\MPLABXProjects\Obligatorio.X\Obligatorio_Full.asm
             leer_memoria   0x0000ff    program     static C:\Users\bruno.masoller\MPLABXProjects\Obligatorio.X\Obligatorio_Full.asm
          guardar_memoria   0x00010a    program     static C:\Users\bruno.masoller\MPLABXProjects\Obligatorio.X\Obligatorio_Full.asm
             _.org_1_0110   0x000110    program     static C:\Users\bruno.masoller\MPLABXProjects\Obligatorio.X\Obligatorio_Full.asm
     re_iniciar_contador1   0x000118    program     static C:\Users\bruno.masoller\MPLABXProjects\Obligatorio.X\Obligatorio_Full.asm
           interrupt_tmr1   0x00011d    program     static C:\Users\bruno.masoller\MPLABXProjects\Obligatorio.X\Obligatorio_Full.asm
             _.org_1_0120   0x000120    program     static C:\Users\bruno.masoller\MPLABXProjects\Obligatorio.X\Obligatorio_Full.asm
         interrupt_eeprom   0x000125    program     static C:\Users\bruno.masoller\MPLABXProjects\Obligatorio.X\Obligatorio_Full.asm
        re_iniciar_timer1   0x000129    program     static C:\Users\bruno.masoller\MPLABXProjects\Obligatorio.X\Obligatorio_Full.asm
      realizar_conversion   0x000131    program     static C:\Users\bruno.masoller\MPLABXProjects\Obligatorio.X\Obligatorio_Full.asm
             _.org_1_0133   0x000133    program     static C:\Users\bruno.masoller\MPLABXProjects\Obligatorio.X\Obligatorio_Full.asm
         guardar_contexto   0x00013b    program     static C:\Users\bruno.masoller\MPLABXProjects\Obligatorio.X\Obligatorio_Full.asm
    guardar_contexto_case   0x00013f    program     static C:\Users\bruno.masoller\MPLABXProjects\Obligatorio.X\Obligatorio_Full.asm
          cargar_contexto   0x000143    program     static C:\Users\bruno.masoller\MPLABXProjects\Obligatorio.X\Obligatorio_Full.asm
     cargar_contexto_case   0x000148    program     static C:\Users\bruno.masoller\MPLABXProjects\Obligatorio.X\Obligatorio_Full.asm


